<?xml version="1.0" encoding="ISO-8859-1" ?>
<link_info>
   <banner>TMS320C2000 Linker Unix v22.6.1.LTS</banner>
   <copyright>Copyright (c) 1996-2018 Texas Instruments Incorporated</copyright>
   <link_time>0x663b2772</link_time>
   <link_errors>0x0</link_errors>
   <output_file>geekcon.out</output_file>
   <entry_point>
      <name>_c_int00</name>
      <address>0x8b8e2</address>
   </entry_point>
   <input_file_list>
      <input_file id="fl-2">
         <path>./</path>
         <kind>object</kind>
         <file>geekcon_main.obj</file>
         <name>geekcon_main.obj</name>
      </input_file>
      <input_file id="fl-3">
         <path>./</path>
         <kind>object</kind>
         <file>usb_hal.obj</file>
         <name>usb_hal.obj</name>
      </input_file>
      <input_file id="fl-4">
         <path>./device/</path>
         <kind>object</kind>
         <file>F2837xD_CodeStartBranch.obj</file>
         <name>F2837xD_CodeStartBranch.obj</name>
      </input_file>
      <input_file id="fl-5">
         <path>./device/</path>
         <kind>object</kind>
         <file>F2837xD_GlobalVariableDefs.obj</file>
         <name>F2837xD_GlobalVariableDefs.obj</name>
      </input_file>
      <input_file id="fl-6">
         <path>./device/</path>
         <kind>object</kind>
         <file>F2837xD_Gpio.obj</file>
         <name>F2837xD_Gpio.obj</name>
      </input_file>
      <input_file id="fl-7">
         <path>./device/</path>
         <kind>object</kind>
         <file>F2837xD_SysCtrl.obj</file>
         <name>F2837xD_SysCtrl.obj</name>
      </input_file>
      <input_file id="fl-8">
         <path>./device/</path>
         <kind>object</kind>
         <file>device.obj</file>
         <name>device.obj</name>
      </input_file>
      <input_file id="fl-9">
         <path>./device/driverlib/</path>
         <kind>object</kind>
         <file>dcsm.obj</file>
         <name>dcsm.obj</name>
      </input_file>
      <input_file id="fl-a">
         <path>./device/driverlib/</path>
         <kind>object</kind>
         <file>flash.obj</file>
         <name>flash.obj</name>
      </input_file>
      <input_file id="fl-b">
         <path>./device/driverlib/</path>
         <kind>object</kind>
         <file>gpio.obj</file>
         <name>gpio.obj</name>
      </input_file>
      <input_file id="fl-c">
         <path>./device/driverlib/</path>
         <kind>object</kind>
         <file>interrupt.obj</file>
         <name>interrupt.obj</name>
      </input_file>
      <input_file id="fl-d">
         <path>./device/driverlib/</path>
         <kind>object</kind>
         <file>sysctl.obj</file>
         <name>sysctl.obj</name>
      </input_file>
      <input_file id="fl-e">
         <path>./device/driverlib/</path>
         <kind>object</kind>
         <file>usb.obj</file>
         <name>usb.obj</name>
      </input_file>
      <input_file id="fl-f">
         <path>./device/driverlib/</path>
         <kind>object</kind>
         <file>xbar.obj</file>
         <name>xbar.obj</name>
      </input_file>
      <input_file id="fl-10">
         <path>./flash_api/</path>
         <kind>object</kind>
         <file>Fapi_UserDefinedFunctions.obj</file>
         <name>Fapi_UserDefinedFunctions.obj</name>
      </input_file>
      <input_file id="fl-11">
         <path>./flash_disk/</path>
         <kind>object</kind>
         <file>flashdisk.obj</file>
         <name>flashdisk.obj</name>
      </input_file>
      <input_file id="fl-12">
         <path>./usbcfg/</path>
         <kind>object</kind>
         <file>board.obj</file>
         <name>board.obj</name>
      </input_file>
      <input_file id="fl-13">
         <path>./usbcfg/</path>
         <kind>object</kind>
         <file>usb_structs.obj</file>
         <name>usb_structs.obj</name>
      </input_file>
      <input_file id="fl-14">
         <path>./usblib/device/</path>
         <kind>object</kind>
         <file>usbdcdesc.obj</file>
         <name>usbdcdesc.obj</name>
      </input_file>
      <input_file id="fl-15">
         <path>./usblib/device/</path>
         <kind>object</kind>
         <file>usbdconfig.obj</file>
         <name>usbdconfig.obj</name>
      </input_file>
      <input_file id="fl-16">
         <path>./usblib/device/</path>
         <kind>object</kind>
         <file>usbdenum.obj</file>
         <name>usbdenum.obj</name>
      </input_file>
      <input_file id="fl-17">
         <path>./usblib/device/</path>
         <kind>object</kind>
         <file>usbdhandler.obj</file>
         <name>usbdhandler.obj</name>
      </input_file>
      <input_file id="fl-18">
         <path>./usblib/device/</path>
         <kind>object</kind>
         <file>usbdmsc.obj</file>
         <name>usbdmsc.obj</name>
      </input_file>
      <input_file id="fl-19">
         <path>./usblib/device/</path>
         <kind>object</kind>
         <file>usbdmscglue.obj</file>
         <name>usbdmscglue.obj</name>
      </input_file>
      <input_file id="fl-1a">
         <path>./usblib/</path>
         <kind>object</kind>
         <file>usbbuffer.obj</file>
         <name>usbbuffer.obj</name>
      </input_file>
      <input_file id="fl-1b">
         <path>./usblib/</path>
         <kind>object</kind>
         <file>usbdesc.obj</file>
         <name>usbdesc.obj</name>
      </input_file>
      <input_file id="fl-1c">
         <path>./usblib/</path>
         <kind>object</kind>
         <file>usbmode.obj</file>
         <name>usbmode.obj</name>
      </input_file>
      <input_file id="fl-1d">
         <path>./usblib/</path>
         <kind>object</kind>
         <file>usbringbuf.obj</file>
         <name>usbringbuf.obj</name>
      </input_file>
      <input_file id="fl-1e">
         <path>./usblib/</path>
         <kind>object</kind>
         <file>usbtick.obj</file>
         <name>usbtick.obj</name>
      </input_file>
      <input_file id="fl-23">
         <kind>object</kind>
         <file>&lt;internal&gt;</file>
         <name>&lt;internal&gt;</name>
      </input_file>
      <input_file id="fl-24">
         <path>../flash_api/</path>
         <kind>archive</kind>
         <file>F021_API_F2837xD_FPU32.lib</file>
         <name>Async.obj</name>
      </input_file>
      <input_file id="fl-25">
         <path>../flash_api/</path>
         <kind>archive</kind>
         <file>F021_API_F2837xD_FPU32.lib</file>
         <name>Verify.obj</name>
      </input_file>
      <input_file id="fl-26">
         <path>../flash_api/</path>
         <kind>archive</kind>
         <file>F021_API_F2837xD_FPU32.lib</file>
         <name>Read.obj</name>
      </input_file>
      <input_file id="fl-27">
         <path>../flash_api/</path>
         <kind>archive</kind>
         <file>F021_API_F2837xD_FPU32.lib</file>
         <name>BlankCheck.obj</name>
      </input_file>
      <input_file id="fl-28">
         <path>../flash_api/</path>
         <kind>archive</kind>
         <file>F021_API_F2837xD_FPU32.lib</file>
         <name>Utilities.obj</name>
      </input_file>
      <input_file id="fl-29">
         <path>../flash_api/</path>
         <kind>archive</kind>
         <file>F021_API_F2837xD_FPU32.lib</file>
         <name>Init.obj</name>
      </input_file>
      <input_file id="fl-2a">
         <path>../flash_api/</path>
         <kind>archive</kind>
         <file>F021_API_F2837xD_FPU32.lib</file>
         <name>FlashStateMachine.obj</name>
      </input_file>
      <input_file id="fl-2b">
         <path>../flash_api/</path>
         <kind>archive</kind>
         <file>F021_API_F2837xD_FPU32.lib</file>
         <name>Program.obj</name>
      </input_file>
      <input_file id="fl-2c">
         <path>../flash_api/</path>
         <kind>archive</kind>
         <file>F021_API_F2837xD_FPU32.lib</file>
         <name>FlashStateMachine.obj</name>
      </input_file>
      <input_file id="fl-38">
         <path>/Applications/ti/ccs1230/ccs/tools/compiler/ti-cgt-c2000_22.6.1.LTS/lib/</path>
         <kind>archive</kind>
         <file>rts2800_fpu32.lib</file>
         <name>boot28.asm.obj</name>
      </input_file>
      <input_file id="fl-39">
         <path>/Applications/ti/ccs1230/ccs/tools/compiler/ti-cgt-c2000_22.6.1.LTS/lib/</path>
         <kind>archive</kind>
         <file>rts2800_fpu32.lib</file>
         <name>fd_sub28.asm.obj</name>
      </input_file>
      <input_file id="fl-3a">
         <path>/Applications/ti/ccs1230/ccs/tools/compiler/ti-cgt-c2000_22.6.1.LTS/lib/</path>
         <kind>archive</kind>
         <file>rts2800_fpu32.lib</file>
         <name>fd_toul28.asm.obj</name>
      </input_file>
      <input_file id="fl-3b">
         <path>/Applications/ti/ccs1230/ccs/tools/compiler/ti-cgt-c2000_22.6.1.LTS/lib/</path>
         <kind>archive</kind>
         <file>rts2800_fpu32.lib</file>
         <name>fs_div28.asm.obj</name>
      </input_file>
      <input_file id="fl-3c">
         <path>/Applications/ti/ccs1230/ccs/tools/compiler/ti-cgt-c2000_22.6.1.LTS/lib/</path>
         <kind>archive</kind>
         <file>rts2800_fpu32.lib</file>
         <name>ll_cmp28.asm.obj</name>
      </input_file>
      <input_file id="fl-3d">
         <path>/Applications/ti/ccs1230/ccs/tools/compiler/ti-cgt-c2000_22.6.1.LTS/lib/</path>
         <kind>archive</kind>
         <file>rts2800_fpu32.lib</file>
         <name>ul_tofd28.asm.obj</name>
      </input_file>
      <input_file id="fl-3e">
         <path>/Applications/ti/ccs1230/ccs/tools/compiler/ti-cgt-c2000_22.6.1.LTS/lib/</path>
         <kind>archive</kind>
         <file>rts2800_fpu32.lib</file>
         <name>fd_div28.asm.obj</name>
      </input_file>
      <input_file id="fl-3f">
         <path>/Applications/ti/ccs1230/ccs/tools/compiler/ti-cgt-c2000_22.6.1.LTS/lib/</path>
         <kind>archive</kind>
         <file>rts2800_fpu32.lib</file>
         <name>cpy_tbl.c.obj</name>
      </input_file>
      <input_file id="fl-40">
         <path>/Applications/ti/ccs1230/ccs/tools/compiler/ti-cgt-c2000_22.6.1.LTS/lib/</path>
         <kind>archive</kind>
         <file>rts2800_fpu32.lib</file>
         <name>memcpy.c.obj</name>
      </input_file>
      <input_file id="fl-41">
         <path>/Applications/ti/ccs1230/ccs/tools/compiler/ti-cgt-c2000_22.6.1.LTS/lib/</path>
         <kind>archive</kind>
         <file>rts2800_fpu32.lib</file>
         <name>pre_init.c.obj</name>
      </input_file>
      <input_file id="fl-42">
         <path>/Applications/ti/ccs1230/ccs/tools/compiler/ti-cgt-c2000_22.6.1.LTS/lib/</path>
         <kind>archive</kind>
         <file>rts2800_fpu32.lib</file>
         <name>startup.c.obj</name>
      </input_file>
      <input_file id="fl-43">
         <path>/Applications/ti/ccs1230/ccs/tools/compiler/ti-cgt-c2000_22.6.1.LTS/lib/</path>
         <kind>archive</kind>
         <file>rts2800_fpu32.lib</file>
         <name>exit.c.obj</name>
      </input_file>
      <input_file id="fl-44">
         <path>/Applications/ti/ccs1230/ccs/tools/compiler/ti-cgt-c2000_22.6.1.LTS/lib/</path>
         <kind>archive</kind>
         <file>rts2800_fpu32.lib</file>
         <name>_lock.c.obj</name>
      </input_file>
      <input_file id="fl-45">
         <path>/Applications/ti/ccs1230/ccs/tools/compiler/ti-cgt-c2000_22.6.1.LTS/lib/</path>
         <kind>archive</kind>
         <file>rts2800_fpu32.lib</file>
         <name>args_main.c.obj</name>
      </input_file>
      <input_file id="fl-46">
         <path>/Applications/ti/ccs1230/ccs/tools/compiler/ti-cgt-c2000_22.6.1.LTS/lib/</path>
         <kind>archive</kind>
         <file>rts2800_fpu32.lib</file>
         <name>memset.c.obj</name>
      </input_file>
      <input_file id="fl-47">
         <path>/Applications/ti/ccs1230/ccs/tools/compiler/ti-cgt-c2000_22.6.1.LTS/lib/</path>
         <kind>archive</kind>
         <file>rts2800_fpu32.lib</file>
         <name>strcmp.c.obj</name>
      </input_file>
      <input_file id="fl-48">
         <path>/Applications/ti/ccs1230/ccs/tools/compiler/ti-cgt-c2000_22.6.1.LTS/lib/</path>
         <kind>archive</kind>
         <file>rts2800_fpu32.lib</file>
         <name>strlen.c.obj</name>
      </input_file>
      <input_file id="fl-49">
         <path>/Applications/ti/ccs1230/ccs/tools/compiler/ti-cgt-c2000_22.6.1.LTS/lib/</path>
         <kind>archive</kind>
         <file>rts2800_fpu32.lib</file>
         <name>strncmp.c.obj</name>
      </input_file>
      <input_file id="fl-4a">
         <path>/Applications/ti/ccs1230/ccs/tools/compiler/ti-cgt-c2000_22.6.1.LTS/lib/</path>
         <kind>archive</kind>
         <file>rts2800_fpu32.lib</file>
         <name>fd_add28.asm.obj</name>
      </input_file>
   </input_file_list>
   <object_component_list>
      <object_component id="oc-22f">
         <name>.text</name>
         <load_address>0x88163</load_address>
         <run_address>0x88163</run_address>
         <size>0xa58</size>
         <input_file_ref idref="fl-18"/>
      </object_component>
      <object_component id="oc-22a">
         <name>.text</name>
         <load_address>0x88bbb</load_address>
         <run_address>0x88bbb</run_address>
         <size>0x8b9</size>
         <input_file_ref idref="fl-16"/>
      </object_component>
      <object_component id="oc-229">
         <name>.text</name>
         <load_address>0x89474</load_address>
         <run_address>0x89474</run_address>
         <size>0x7d4</size>
         <input_file_ref idref="fl-e"/>
      </object_component>
      <object_component id="oc-242">
         <name>.text</name>
         <load_address>0x89c48</load_address>
         <run_address>0x89c48</run_address>
         <size>0x59a</size>
         <input_file_ref idref="fl-d"/>
      </object_component>
      <object_component id="oc-22b">
         <name>.text</name>
         <load_address>0x8a1e2</load_address>
         <run_address>0x8a1e2</run_address>
         <size>0x3d7</size>
         <input_file_ref idref="fl-8"/>
      </object_component>
      <object_component id="oc-237">
         <name>.text</name>
         <load_address>0x8a5b9</load_address>
         <run_address>0x8a5b9</run_address>
         <size>0x2d7</size>
         <input_file_ref idref="fl-11"/>
      </object_component>
      <object_component id="oc-240">
         <name>.text</name>
         <load_address>0x8a890</load_address>
         <run_address>0x8a890</run_address>
         <size>0x25b</size>
         <input_file_ref idref="fl-15"/>
      </object_component>
      <object_component id="oc-25d">
         <name>.text:__Fapi_setupFlashStateMachine</name>
         <load_address>0x8aaeb</load_address>
         <run_address>0x8aaeb</run_address>
         <size>0x259</size>
         <input_file_ref idref="fl-2a"/>
      </object_component>
      <object_component id="oc-243">
         <name>.text</name>
         <load_address>0x8ad44</load_address>
         <run_address>0x8ad44</run_address>
         <size>0x1eb</size>
         <input_file_ref idref="fl-b"/>
      </object_component>
      <object_component id="oc-252">
         <name>.text:_Fapi_issueProgrammingCommand</name>
         <load_address>0x8af2f</load_address>
         <run_address>0x8af2f</run_address>
         <size>0x19d</size>
         <input_file_ref idref="fl-2b"/>
      </object_component>
      <object_component id="oc-22c">
         <name>.text</name>
         <load_address>0x8b0cc</load_address>
         <run_address>0x8b0cc</run_address>
         <size>0x173</size>
         <input_file_ref idref="fl-c"/>
      </object_component>
      <object_component id="oc-23f">
         <name>.text</name>
         <load_address>0x8b23f</load_address>
         <run_address>0x8b23f</run_address>
         <size>0x150</size>
         <input_file_ref idref="fl-14"/>
      </object_component>
      <object_component id="oc-25a">
         <name>.text</name>
         <load_address>0x8b38f</load_address>
         <run_address>0x8b38f</run_address>
         <size>0xcb</size>
         <input_file_ref idref="fl-1b"/>
      </object_component>
      <object_component id="oc-230">
         <name>.text</name>
         <load_address>0x8b45a</load_address>
         <run_address>0x8b45a</run_address>
         <size>0xc8</size>
         <input_file_ref idref="fl-3"/>
      </object_component>
      <object_component id="oc-218">
         <name>.text</name>
         <load_address>0x8b522</load_address>
         <run_address>0x8b522</run_address>
         <size>0x9c</size>
         <input_file_ref idref="fl-4a"/>
      </object_component>
      <object_component id="oc-1da">
         <name>.text</name>
         <load_address>0x8b5be</load_address>
         <run_address>0x8b5be</run_address>
         <size>0x8b</size>
         <input_file_ref idref="fl-3e"/>
      </object_component>
      <object_component id="oc-261">
         <name>.text:__Fapi_loopRegionForValue</name>
         <load_address>0x8b649</load_address>
         <run_address>0x8b649</run_address>
         <size>0x88</size>
         <input_file_ref idref="fl-26"/>
      </object_component>
      <object_component id="oc-1cb">
         <name>.text</name>
         <load_address>0x8b6d1</load_address>
         <run_address>0x8b6d1</run_address>
         <size>0x88</size>
         <input_file_ref idref="fl-3b"/>
      </object_component>
      <object_component id="oc-223">
         <name>.text</name>
         <load_address>0x8b759</load_address>
         <run_address>0x8b759</run_address>
         <size>0x86</size>
         <input_file_ref idref="fl-2"/>
      </object_component>
      <object_component id="oc-23c">
         <name>.text</name>
         <load_address>0x8b7df</load_address>
         <run_address>0x8b7df</run_address>
         <size>0x84</size>
         <input_file_ref idref="fl-1e"/>
      </object_component>
      <object_component id="oc-262">
         <name>.text:__Fapi_checkRegionForValue</name>
         <load_address>0x8b863</load_address>
         <run_address>0x8b863</run_address>
         <size>0x7f</size>
         <input_file_ref idref="fl-26"/>
      </object_component>
      <object_component id="oc-87">
         <name>.text</name>
         <load_address>0x8b8e2</load_address>
         <run_address>0x8b8e2</run_address>
         <size>0x56</size>
         <input_file_ref idref="fl-38"/>
      </object_component>
      <object_component id="oc-225">
         <name>.text</name>
         <load_address>0x8b938</load_address>
         <run_address>0x8b938</run_address>
         <size>0x4b</size>
         <input_file_ref idref="fl-19"/>
      </object_component>
      <object_component id="oc-250">
         <name>.text:_Fapi_doBlankCheck</name>
         <load_address>0x8b983</load_address>
         <run_address>0x8b983</run_address>
         <size>0x42</size>
         <input_file_ref idref="fl-27"/>
      </object_component>
      <object_component id="oc-22e">
         <name>.text</name>
         <load_address>0x8b9c5</load_address>
         <run_address>0x8b9c5</run_address>
         <size>0x37</size>
         <input_file_ref idref="fl-1c"/>
      </object_component>
      <object_component id="oc-22d">
         <name>.text</name>
         <load_address>0x8b9fc</load_address>
         <run_address>0x8b9fc</run_address>
         <size>0x35</size>
         <input_file_ref idref="fl-12"/>
      </object_component>
      <object_component id="oc-24b">
         <name>.text:_Fapi_initializeAPI</name>
         <load_address>0x8ba31</load_address>
         <run_address>0x8ba31</run_address>
         <size>0x34</size>
         <input_file_ref idref="fl-29"/>
      </object_component>
      <object_component id="oc-8a">
         <name>.text:retain</name>
         <load_address>0x8ba65</load_address>
         <run_address>0x8ba65</run_address>
         <size>0x31</size>
         <input_file_ref idref="fl-2"/>
      </object_component>
      <object_component id="oc-26d">
         <name>.text:_Fapi_calculateFletcherChecksum</name>
         <load_address>0x8ba96</load_address>
         <run_address>0x8ba96</run_address>
         <size>0x2e</size>
         <input_file_ref idref="fl-28"/>
      </object_component>
      <object_component id="oc-25e">
         <name>.text:__Fapi_issueFsmCommand</name>
         <load_address>0x8bac4</load_address>
         <run_address>0x8bac4</run_address>
         <size>0x2d</size>
         <input_file_ref idref="fl-2a"/>
      </object_component>
      <object_component id="oc-265">
         <name>.text:__Fapi_divideUnsignedLong</name>
         <load_address>0x8baf1</load_address>
         <run_address>0x8baf1</run_address>
         <size>0x2c</size>
         <input_file_ref idref="fl-28"/>
      </object_component>
      <object_component id="oc-129">
         <name>.text:retain</name>
         <load_address>0x8bb1d</load_address>
         <run_address>0x8bb1d</run_address>
         <size>0x2a</size>
         <input_file_ref idref="fl-c"/>
      </object_component>
      <object_component id="oc-221">
         <name>.text</name>
         <load_address>0x8bb47</load_address>
         <run_address>0x8bb47</run_address>
         <size>0x29</size>
         <input_file_ref idref="fl-43"/>
      </object_component>
      <object_component id="oc-24c">
         <name>.text:_Fapi_setActiveFlashBank</name>
         <load_address>0x8bb70</load_address>
         <run_address>0x8bb70</run_address>
         <size>0x25</size>
         <input_file_ref idref="fl-2a"/>
      </object_component>
      <object_component id="oc-21e">
         <name>.text</name>
         <load_address>0x8bb95</load_address>
         <run_address>0x8bb95</run_address>
         <size>0x24</size>
         <input_file_ref idref="fl-3f"/>
      </object_component>
      <object_component id="oc-26a">
         <name>.text:_Fapi_isAddressEcc</name>
         <load_address>0x8bbb9</load_address>
         <run_address>0x8bbb9</run_address>
         <size>0x22</size>
         <input_file_ref idref="fl-2c"/>
      </object_component>
      <object_component id="oc-25f">
         <name>.text:__Fapi_setupSectorsForWrite</name>
         <load_address>0x8bbdb</load_address>
         <run_address>0x8bbdb</run_address>
         <size>0x22</size>
         <input_file_ref idref="fl-2a"/>
      </object_component>
      <object_component id="oc-24e">
         <name>.text:_Fapi_issueAsyncCommandWithAddress</name>
         <load_address>0x8bbfd</load_address>
         <run_address>0x8bbfd</run_address>
         <size>0x20</size>
         <input_file_ref idref="fl-24"/>
      </object_component>
      <object_component id="oc-1d0">
         <name>.text</name>
         <load_address>0x8bc1d</load_address>
         <run_address>0x8bc1d</run_address>
         <size>0x1e</size>
         <input_file_ref idref="fl-3c"/>
      </object_component>
      <object_component id="oc-226">
         <name>.text</name>
         <load_address>0x8bc3b</load_address>
         <run_address>0x8bc3b</run_address>
         <size>0x1d</size>
         <input_file_ref idref="fl-40"/>
      </object_component>
      <object_component id="oc-1c6">
         <name>.text</name>
         <load_address>0x8bc58</load_address>
         <run_address>0x8bc58</run_address>
         <size>0x1b</size>
         <input_file_ref idref="fl-3a"/>
      </object_component>
      <object_component id="oc-269">
         <name>.text:_Fapi_waitDelay</name>
         <load_address>0x8bc73</load_address>
         <run_address>0x8bc73</run_address>
         <size>0x1a</size>
         <input_file_ref idref="fl-28"/>
      </object_component>
      <object_component id="oc-260">
         <name>.text:_Fapi_flushPipeline</name>
         <load_address>0x8bc8d</load_address>
         <run_address>0x8bc8d</run_address>
         <size>0x16</size>
         <input_file_ref idref="fl-26"/>
      </object_component>
      <object_component id="oc-255">
         <name>.text</name>
         <load_address>0x8bca3</load_address>
         <run_address>0x8bca3</run_address>
         <size>0x16</size>
         <input_file_ref idref="fl-49"/>
      </object_component>
      <object_component id="oc-1d5">
         <name>.text</name>
         <load_address>0x8bcb9</load_address>
         <run_address>0x8bcb9</run_address>
         <size>0x16</size>
         <input_file_ref idref="fl-3d"/>
      </object_component>
      <object_component id="oc-25b">
         <name>.text</name>
         <load_address>0x8bccf</load_address>
         <run_address>0x8bccf</run_address>
         <size>0x13</size>
         <input_file_ref idref="fl-a"/>
      </object_component>
      <object_component id="oc-220">
         <name>.text</name>
         <load_address>0x8bce2</load_address>
         <run_address>0x8bce2</run_address>
         <size>0x12</size>
         <input_file_ref idref="fl-45"/>
      </object_component>
      <object_component id="oc-222">
         <name>.text</name>
         <load_address>0x8bcf4</load_address>
         <run_address>0x8bcf4</run_address>
         <size>0x12</size>
         <input_file_ref idref="fl-17"/>
      </object_component>
      <object_component id="oc-254">
         <name>.text:_Fapi_doVerify</name>
         <load_address>0x8bd06</load_address>
         <run_address>0x8bd06</run_address>
         <size>0xf</size>
         <input_file_ref idref="fl-25"/>
      </object_component>
      <object_component id="oc-1c1">
         <name>.text</name>
         <load_address>0x8bd15</load_address>
         <run_address>0x8bd15</run_address>
         <size>0xe</size>
         <input_file_ref idref="fl-39"/>
      </object_component>
      <object_component id="oc-267">
         <name>.text:__Fapi_scaleCycleValues</name>
         <load_address>0x8bd23</load_address>
         <run_address>0x8bd23</run_address>
         <size>0xd</size>
         <input_file_ref idref="fl-28"/>
      </object_component>
      <object_component id="oc-266">
         <name>.text:__Fapi_calculateOtpChecksum</name>
         <load_address>0x8bd30</load_address>
         <run_address>0x8bd30</run_address>
         <size>0xb</size>
         <input_file_ref idref="fl-28"/>
      </object_component>
      <object_component id="oc-24f">
         <name>.text:_Fapi_checkFsmForReady</name>
         <load_address>0x8bd3b</load_address>
         <run_address>0x8bd3b</run_address>
         <size>0xa</size>
         <input_file_ref idref="fl-2c"/>
      </object_component>
      <object_component id="oc-256">
         <name>.text</name>
         <load_address>0x8bd45</load_address>
         <run_address>0x8bd45</run_address>
         <size>0xa</size>
         <input_file_ref idref="fl-47"/>
      </object_component>
      <object_component id="oc-238">
         <name>.text</name>
         <load_address>0x8bd4f</load_address>
         <run_address>0x8bd4f</run_address>
         <size>0x9</size>
         <input_file_ref idref="fl-44"/>
      </object_component>
      <object_component id="oc-95">
         <name>.text</name>
         <load_address>0x8bd58</load_address>
         <run_address>0x8bd58</run_address>
         <size>0x8</size>
         <input_file_ref idref="fl-4"/>
      </object_component>
      <object_component id="oc-251">
         <name>.text</name>
         <load_address>0x8bd60</load_address>
         <run_address>0x8bd60</run_address>
         <size>0x8</size>
         <input_file_ref idref="fl-48"/>
      </object_component>
      <object_component id="oc-24d">
         <name>.text</name>
         <load_address>0x8bd68</load_address>
         <run_address>0x8bd68</run_address>
         <size>0x7</size>
         <input_file_ref idref="fl-46"/>
      </object_component>
      <object_component id="oc-253">
         <name>.text:_Fapi_getFsmStatus</name>
         <load_address>0x8bd6f</load_address>
         <run_address>0x8bd6f</run_address>
         <size>0x6</size>
         <input_file_ref idref="fl-2a"/>
      </object_component>
      <object_component id="oc-21d">
         <name>.text</name>
         <load_address>0x8bd75</load_address>
         <run_address>0x8bd75</run_address>
         <size>0x2</size>
         <input_file_ref idref="fl-41"/>
      </object_component>
      <object_component id="oc-21f">
         <name>.text</name>
         <load_address>0x8bd77</load_address>
         <run_address>0x8bd77</run_address>
         <size>0x1</size>
         <input_file_ref idref="fl-42"/>
      </object_component>
      <object_component id="oc-152">
         <name>.cinit</name>
         <load_address>0x8beac</load_address>
         <run_address>0x8beac</run_address>
         <size>0x35</size>
         <input_file_ref idref="fl-13"/>
      </object_component>
      <object_component id="oc-246">
         <name>.cinit:_g_pui8MSCDeviceDescriptor</name>
         <load_address>0x8bee1</load_address>
         <run_address>0x8bee1</run_address>
         <size>0x15</size>
         <input_file_ref idref="fl-18"/>
      </object_component>
      <object_component id="oc-16c">
         <name>.cinit</name>
         <load_address>0x8bef6</load_address>
         <run_address>0x8bef6</run_address>
         <size>0x11</size>
         <input_file_ref idref="fl-18"/>
      </object_component>
      <object_component id="oc-113">
         <name>.cinit</name>
         <load_address>0x8bf07</load_address>
         <run_address>0x8bf07</run_address>
         <size>0xf</size>
         <input_file_ref idref="fl-8"/>
      </object_component>
      <object_component id="oc-144">
         <name>.cinit</name>
         <load_address>0x8bf16</load_address>
         <run_address>0x8bf16</run_address>
         <size>0xe</size>
         <input_file_ref idref="fl-11"/>
      </object_component>
      <object_component id="oc-1f4">
         <name>.cinit</name>
         <load_address>0x8bf24</load_address>
         <run_address>0x8bf24</run_address>
         <size>0xe</size>
         <input_file_ref idref="fl-43"/>
      </object_component>
      <object_component id="oc-190">
         <name>.cinit</name>
         <load_address>0x8bf32</load_address>
         <run_address>0x8bf32</run_address>
         <size>0xe</size>
         <input_file_ref idref="fl-1e"/>
      </object_component>
      <object_component id="oc-248">
         <name>.cinit:_g_pui8MSCDescriptor</name>
         <load_address>0x8bf40</load_address>
         <run_address>0x8bf40</run_address>
         <size>0xc</size>
         <input_file_ref idref="fl-18"/>
      </object_component>
      <object_component id="oc-184">
         <name>.cinit</name>
         <load_address>0x8bf4c</load_address>
         <run_address>0x8bf4c</run_address>
         <size>0x9</size>
         <input_file_ref idref="fl-1c"/>
      </object_component>
      <object_component id="oc-264">
         <name>.cinit:_g_psMSCSections</name>
         <load_address>0x8bf55</load_address>
         <run_address>0x8bf55</run_address>
         <size>0x7</size>
         <input_file_ref idref="fl-18"/>
      </object_component>
      <object_component id="oc-228">
         <name>.cinit:__lock</name>
         <load_address>0x8bf5c</load_address>
         <run_address>0x8bf5c</run_address>
         <size>0x5</size>
         <input_file_ref idref="fl-44"/>
      </object_component>
      <object_component id="oc-239">
         <name>.cinit:__unlock</name>
         <load_address>0x8bf61</load_address>
         <run_address>0x8bf61</run_address>
         <size>0x5</size>
         <input_file_ref idref="fl-44"/>
      </object_component>
      <object_component id="oc-160">
         <name>.cinit</name>
         <load_address>0x8bf66</load_address>
         <run_address>0x8bf66</run_address>
         <size>0x5</size>
         <input_file_ref idref="fl-16"/>
      </object_component>
      <object_component id="oc-236">
         <name>.econst:.string:_g_pConfigString</name>
         <load_address>0x8bd78</load_address>
         <run_address>0x8bd78</run_address>
         <size>0x30</size>
         <input_file_ref idref="fl-13"/>
      </object_component>
      <object_component id="oc-235">
         <name>.econst:.string:_g_pDataInterfaceString</name>
         <load_address>0x8bda8</load_address>
         <run_address>0x8bda8</run_address>
         <size>0x28</size>
         <input_file_ref idref="fl-13"/>
      </object_component>
      <object_component id="oc-233">
         <name>.econst:.string:_g_pProductString</name>
         <load_address>0x8bdd0</load_address>
         <run_address>0x8bdd0</run_address>
         <size>0x28</size>
         <input_file_ref idref="fl-13"/>
      </object_component>
      <object_component id="oc-232">
         <name>.econst:.string:_g_pManufacturerString</name>
         <load_address>0x8bdf8</load_address>
         <run_address>0x8bdf8</run_address>
         <size>0x24</size>
         <input_file_ref idref="fl-13"/>
      </object_component>
      <object_component id="oc-23e">
         <name>.econst:_g_psUSBDStdRequests</name>
         <load_address>0x8be1c</load_address>
         <run_address>0x8be1c</run_address>
         <size>0x1a</size>
         <input_file_ref idref="fl-16"/>
      </object_component>
      <object_component id="oc-249">
         <name>.econst:_g_sMSCHandlers</name>
         <load_address>0x8be36</load_address>
         <run_address>0x8be36</run_address>
         <size>0x18</size>
         <input_file_ref idref="fl-18"/>
      </object_component>
      <object_component id="oc-26e">
         <name>.econst:_g_pui8MSCInterface</name>
         <load_address>0x8be4e</load_address>
         <run_address>0x8be4e</run_address>
         <size>0x17</size>
         <input_file_ref idref="fl-18"/>
      </object_component>
      <object_component id="oc-234">
         <name>.econst:.string:_g_pSerialNumberString</name>
         <load_address>0x8be65</load_address>
         <run_address>0x8be65</run_address>
         <size>0x12</size>
         <input_file_ref idref="fl-13"/>
      </object_component>
      <object_component id="oc-16e">
         <name>.econst</name>
         <load_address>0x8be77</load_address>
         <run_address>0x8be77</run_address>
         <size>0x1</size>
         <input_file_ref idref="fl-18"/>
      </object_component>
      <object_component id="oc-224">
         <name>.econst:_g_pStringDescriptors</name>
         <load_address>0x8be78</load_address>
         <run_address>0x8be78</run_address>
         <size>0xc</size>
         <input_file_ref idref="fl-13"/>
      </object_component>
      <object_component id="oc-90">
         <name>.econst</name>
         <load_address>0x8be84</load_address>
         <run_address>0x8be84</run_address>
         <size>0xc</size>
         <input_file_ref idref="fl-3"/>
      </object_component>
      <object_component id="oc-147">
         <name>.econst:.string</name>
         <load_address>0x8be90</load_address>
         <run_address>0x8be90</run_address>
         <size>0x9</size>
         <input_file_ref idref="fl-11"/>
      </object_component>
      <object_component id="oc-231">
         <name>.econst:.string:_g_pLangDescriptor</name>
         <load_address>0x8be99</load_address>
         <run_address>0x8be99</run_address>
         <size>0x4</size>
         <input_file_ref idref="fl-13"/>
      </object_component>
      <object_component id="oc-25c">
         <name>.econst:_g_sMSCConfigHeader</name>
         <load_address>0x8be9e</load_address>
         <run_address>0x8be9e</run_address>
         <size>0x4</size>
         <input_file_ref idref="fl-18"/>
      </object_component>
      <object_component id="oc-26b">
         <name>.econst:_g_sMSCConfigSection</name>
         <load_address>0x8bea2</load_address>
         <run_address>0x8bea2</run_address>
         <size>0x4</size>
         <input_file_ref idref="fl-18"/>
      </object_component>
      <object_component id="oc-26c">
         <name>.econst:_g_sMSCInterfaceSection</name>
         <load_address>0x8bea6</load_address>
         <run_address>0x8bea6</run_address>
         <size>0x4</size>
         <input_file_ref idref="fl-18"/>
      </object_component>
      <object_component id="oc-24a">
         <name>.econst:_g_ppsMSCConfigDescriptors</name>
         <load_address>0x8beaa</load_address>
         <run_address>0x8beaa</run_address>
         <size>0x2</size>
         <input_file_ref idref="fl-18"/>
      </object_component>
      <object_component id="oc-96">
         <name>codestart</name>
         <load_address>0x80000</load_address>
         <run_address>0x80000</run_address>
         <size>0x2</size>
         <input_file_ref idref="fl-4"/>
      </object_component>
      <object_component id="oc-1bc">
         <name>.reset</name>
         <load_address>0x3fffc0</load_address>
         <run_address>0x3fffc0</run_address>
         <size>0x2</size>
         <input_file_ref idref="fl-38"/>
      </object_component>
      <object_component id="oc-1bb">
         <name>.stack</name>
         <uninitialized>true</uninitialized>
         <run_address>0x400</run_address>
         <size>0x0</size>
         <input_file_ref idref="fl-38"/>
      </object_component>
      <object_component id="oc-2ff">
         <name>.stack</name>
         <uninitialized>true</uninitialized>
         <run_address>0x400</run_address>
         <size>0x0</size>
      </object_component>
      <object_component id="oc-89">
         <name>.ebss</name>
         <uninitialized>true</uninitialized>
         <run_address>0x1b278</run_address>
         <size>0x3</size>
         <input_file_ref idref="fl-2"/>
      </object_component>
      <object_component id="oc-114">
         <name>.ebss</name>
         <uninitialized>true</uninitialized>
         <run_address>0x1b260</run_address>
         <size>0x6</size>
         <input_file_ref idref="fl-8"/>
      </object_component>
      <object_component id="oc-145">
         <name>.ebss</name>
         <uninitialized>true</uninitialized>
         <run_address>0x1b266</run_address>
         <size>0x6</size>
         <input_file_ref idref="fl-11"/>
      </object_component>
      <object_component id="oc-153">
         <name>.ebss</name>
         <uninitialized>true</uninitialized>
         <run_address>0x1b000</run_address>
         <size>0x152</size>
         <input_file_ref idref="fl-13"/>
      </object_component>
      <object_component id="oc-23b">
         <name>.ebss:_g_ppsDevInfo</name>
         <uninitialized>true</uninitialized>
         <run_address>0x1b280</run_address>
         <size>0x2</size>
         <input_file_ref idref="fl-16"/>
      </object_component>
      <object_component id="oc-161">
         <name>.ebss</name>
         <uninitialized>true</uninitialized>
         <run_address>0x1b282</run_address>
         <size>0x2</size>
         <input_file_ref idref="fl-16"/>
      </object_component>
      <object_component id="oc-23a">
         <name>.ebss:_g_psDCDInst</name>
         <uninitialized>true</uninitialized>
         <run_address>0x1b200</run_address>
         <size>0x30</size>
         <input_file_ref idref="fl-16"/>
      </object_component>
      <object_component id="oc-23d">
         <name>.ebss:_g_pui8DataBufferIn</name>
         <uninitialized>true</uninitialized>
         <run_address>0x1b1c0</run_address>
         <size>0x40</size>
         <input_file_ref idref="fl-16"/>
      </object_component>
      <object_component id="oc-16d">
         <name>.ebss</name>
         <uninitialized>true</uninitialized>
         <run_address>0x1b152</run_address>
         <size>0x13</size>
         <input_file_ref idref="fl-18"/>
      </object_component>
      <object_component id="oc-263">
         <name>.ebss:_g_psMSCSections</name>
         <uninitialized>true</uninitialized>
         <run_address>0x1b23c</run_address>
         <size>0x4</size>
         <input_file_ref idref="fl-18"/>
      </object_component>
      <object_component id="oc-247">
         <name>.ebss:_g_pui8MSCDescriptor</name>
         <uninitialized>true</uninitialized>
         <run_address>0x1b177</run_address>
         <size>0x9</size>
         <input_file_ref idref="fl-18"/>
      </object_component>
      <object_component id="oc-245">
         <name>.ebss:_g_pui8MSCDeviceDescriptor</name>
         <uninitialized>true</uninitialized>
         <run_address>0x1b165</run_address>
         <size>0x12</size>
         <input_file_ref idref="fl-18"/>
      </object_component>
      <object_component id="oc-244">
         <name>.ebss:_g_pui8Command</name>
         <uninitialized>true</uninitialized>
         <run_address>0x1b180</run_address>
         <size>0x40</size>
         <input_file_ref idref="fl-18"/>
      </object_component>
      <object_component id="oc-174">
         <name>.ebss</name>
         <uninitialized>true</uninitialized>
         <run_address>0x1b27b</run_address>
         <size>0x1</size>
         <input_file_ref idref="fl-19"/>
      </object_component>
      <object_component id="oc-185">
         <name>.ebss</name>
         <uninitialized>true</uninitialized>
         <run_address>0x1b258</run_address>
         <size>0x8</size>
         <input_file_ref idref="fl-1c"/>
      </object_component>
      <object_component id="oc-191">
         <name>.ebss</name>
         <uninitialized>true</uninitialized>
         <run_address>0x1b272</run_address>
         <size>0x6</size>
         <input_file_ref idref="fl-1e"/>
      </object_component>
      <object_component id="oc-258">
         <name>.ebss:_g_pfnTickHandlers</name>
         <uninitialized>true</uninitialized>
         <run_address>0x1b240</run_address>
         <size>0xc</size>
         <input_file_ref idref="fl-1e"/>
      </object_component>
      <object_component id="oc-259">
         <name>.ebss:_g_pvTickInstance</name>
         <uninitialized>true</uninitialized>
         <run_address>0x1b24c</run_address>
         <size>0xc</size>
         <input_file_ref idref="fl-1e"/>
      </object_component>
      <object_component id="oc-1ab">
         <name>.ebss</name>
         <uninitialized>true</uninitialized>
         <run_address>0x1b230</run_address>
         <size>0xc</size>
         <input_file_ref idref="fl-29"/>
      </object_component>
      <object_component id="oc-1f5">
         <name>.ebss</name>
         <uninitialized>true</uninitialized>
         <run_address>0x1b26c</run_address>
         <size>0x6</size>
         <input_file_ref idref="fl-43"/>
      </object_component>
      <object_component id="oc-227">
         <name>.ebss:__lock</name>
         <uninitialized>true</uninitialized>
         <run_address>0x1b27c</run_address>
         <size>0x2</size>
         <input_file_ref idref="fl-44"/>
      </object_component>
      <object_component id="oc-257">
         <name>.ebss:__unlock</name>
         <uninitialized>true</uninitialized>
         <run_address>0x1b27e</run_address>
         <size>0x2</size>
         <input_file_ref idref="fl-44"/>
      </object_component>
      <object_component id="oc-146">
         <name>FLASH_SECTOR_CACHE</name>
         <uninitialized>true</uninitialized>
         <run_address>0x13000</run_address>
         <size>0x8000</size>
         <input_file_ref idref="fl-11"/>
      </object_component>
      <object_component id="oc-241">
         <name>.TI.ramfunc</name>
         <load_address>0x88000</load_address>
         <run_address>0x8000</run_address>
         <size>0xcb</size>
         <input_file_ref idref="fl-a"/>
      </object_component>
      <object_component id="oc-268">
         <name>.TI.ramfunc</name>
         <load_address>0x880cb</load_address>
         <run_address>0x80cb</run_address>
         <size>0x94</size>
         <input_file_ref idref="fl-10"/>
      </object_component>
      <object_component id="oc-12f">
         <name>.TI.ramfunc</name>
         <load_address>0x8815f</load_address>
         <run_address>0x815f</run_address>
         <size>0x4</size>
         <input_file_ref idref="fl-d"/>
      </object_component>
      <object_component id="oc-d6">
         <name>AccessProtectionRegsFile</name>
         <uninitialized>true</uninitialized>
         <run_address>0x5f4c0</run_address>
         <size>0x2e</size>
         <input_file_ref idref="fl-5"/>
      </object_component>
      <object_component id="oc-eb">
         <name>AdcaRegsFile</name>
         <uninitialized>true</uninitialized>
         <run_address>0x7400</run_address>
         <size>0x7c</size>
         <input_file_ref idref="fl-5"/>
      </object_component>
      <object_component id="oc-ec">
         <name>AdcbRegsFile</name>
         <uninitialized>true</uninitialized>
         <run_address>0x7480</run_address>
         <size>0x7c</size>
         <input_file_ref idref="fl-5"/>
      </object_component>
      <object_component id="oc-ed">
         <name>AdccRegsFile</name>
         <uninitialized>true</uninitialized>
         <run_address>0x7500</run_address>
         <size>0x7c</size>
         <input_file_ref idref="fl-5"/>
      </object_component>
      <object_component id="oc-ee">
         <name>AdcdRegsFile</name>
         <uninitialized>true</uninitialized>
         <run_address>0x7580</run_address>
         <size>0x7c</size>
         <input_file_ref idref="fl-5"/>
      </object_component>
      <object_component id="oc-b3">
         <name>AdcaResultRegsFile</name>
         <uninitialized>true</uninitialized>
         <run_address>0xb00</run_address>
         <size>0x18</size>
         <input_file_ref idref="fl-5"/>
      </object_component>
      <object_component id="oc-b4">
         <name>AdcbResultRegsFile</name>
         <uninitialized>true</uninitialized>
         <run_address>0xb20</run_address>
         <size>0x18</size>
         <input_file_ref idref="fl-5"/>
      </object_component>
      <object_component id="oc-b5">
         <name>AdccResultRegsFile</name>
         <uninitialized>true</uninitialized>
         <run_address>0xb40</run_address>
         <size>0x18</size>
         <input_file_ref idref="fl-5"/>
      </object_component>
      <object_component id="oc-b6">
         <name>AdcdResultRegsFile</name>
         <uninitialized>true</uninitialized>
         <run_address>0xb60</run_address>
         <size>0x18</size>
         <input_file_ref idref="fl-5"/>
      </object_component>
      <object_component id="oc-da">
         <name>AnalogSubsysRegsFile</name>
         <uninitialized>true</uninitialized>
         <run_address>0x5d180</run_address>
         <size>0x3e</size>
         <input_file_ref idref="fl-5"/>
      </object_component>
      <object_component id="oc-102">
         <name>CanaRegsFile</name>
         <uninitialized>true</uninitialized>
         <run_address>0x48000</run_address>
         <size>0x164</size>
         <input_file_ref idref="fl-5"/>
      </object_component>
      <object_component id="oc-103">
         <name>CanbRegsFile</name>
         <uninitialized>true</uninitialized>
         <run_address>0x4a000</run_address>
         <size>0x164</size>
         <input_file_ref idref="fl-5"/>
      </object_component>
      <object_component id="oc-db">
         <name>Cla1RegsFile</name>
         <uninitialized>true</uninitialized>
         <run_address>0x1400</run_address>
         <size>0x3e</size>
         <input_file_ref idref="fl-5"/>
      </object_component>
      <object_component id="oc-fd">
         <name>Clb1DataExchRegsFile</name>
         <uninitialized>true</uninitialized>
         <run_address>0x3200</run_address>
         <size>0x108</size>
         <input_file_ref idref="fl-5"/>
      </object_component>
      <object_component id="oc-fe">
         <name>Clb2DataExchRegsFile</name>
         <uninitialized>true</uninitialized>
         <run_address>0x3600</run_address>
         <size>0x108</size>
         <input_file_ref idref="fl-5"/>
      </object_component>
      <object_component id="oc-ff">
         <name>Clb3DataExchRegsFile</name>
         <uninitialized>true</uninitialized>
         <run_address>0x3a00</run_address>
         <size>0x108</size>
         <input_file_ref idref="fl-5"/>
      </object_component>
      <object_component id="oc-100">
         <name>Clb4DataExchRegsFile</name>
         <uninitialized>true</uninitialized>
         <run_address>0x3e00</run_address>
         <size>0x108</size>
         <input_file_ref idref="fl-5"/>
      </object_component>
      <object_component id="oc-dc">
         <name>Clb1LogicCfgRegsFile</name>
         <uninitialized>true</uninitialized>
         <run_address>0x3000</run_address>
         <size>0x3e</size>
         <input_file_ref idref="fl-5"/>
      </object_component>
      <object_component id="oc-dd">
         <name>Clb2LogicCfgRegsFile</name>
         <uninitialized>true</uninitialized>
         <run_address>0x3400</run_address>
         <size>0x3e</size>
         <input_file_ref idref="fl-5"/>
      </object_component>
      <object_component id="oc-de">
         <name>Clb3LogicCfgRegsFile</name>
         <uninitialized>true</uninitialized>
         <run_address>0x3800</run_address>
         <size>0x3e</size>
         <input_file_ref idref="fl-5"/>
      </object_component>
      <object_component id="oc-df">
         <name>Clb4LogicCfgRegsFile</name>
         <uninitialized>true</uninitialized>
         <run_address>0x3c00</run_address>
         <size>0x3e</size>
         <input_file_ref idref="fl-5"/>
      </object_component>
      <object_component id="oc-e0">
         <name>Clb1LogicCtrlRegsFile</name>
         <uninitialized>true</uninitialized>
         <run_address>0x3100</run_address>
         <size>0x40</size>
         <input_file_ref idref="fl-5"/>
      </object_component>
      <object_component id="oc-e1">
         <name>Clb2LogicCtrlRegsFile</name>
         <uninitialized>true</uninitialized>
         <run_address>0x3500</run_address>
         <size>0x40</size>
         <input_file_ref idref="fl-5"/>
      </object_component>
      <object_component id="oc-e2">
         <name>Clb3LogicCtrlRegsFile</name>
         <uninitialized>true</uninitialized>
         <run_address>0x3900</run_address>
         <size>0x40</size>
         <input_file_ref idref="fl-5"/>
      </object_component>
      <object_component id="oc-e3">
         <name>Clb4LogicCtrlRegsFile</name>
         <uninitialized>true</uninitialized>
         <run_address>0x3d00</run_address>
         <size>0x40</size>
         <input_file_ref idref="fl-5"/>
      </object_component>
      <object_component id="oc-e4">
         <name>ClbXbarRegsFile</name>
         <uninitialized>true</uninitialized>
         <run_address>0x7a40</run_address>
         <size>0x40</size>
         <input_file_ref idref="fl-5"/>
      </object_component>
      <object_component id="oc-d8">
         <name>ClkCfgRegsFile</name>
         <uninitialized>true</uninitialized>
         <run_address>0x5d200</run_address>
         <size>0x32</size>
         <input_file_ref idref="fl-5"/>
      </object_component>
      <object_component id="oc-bf">
         <name>Cmpss1RegsFile</name>
         <uninitialized>true</uninitialized>
         <run_address>0x5c80</run_address>
         <size>0x1b</size>
         <input_file_ref idref="fl-5"/>
      </object_component>
      <object_component id="oc-c0">
         <name>Cmpss2RegsFile</name>
         <uninitialized>true</uninitialized>
         <run_address>0x5ca0</run_address>
         <size>0x1b</size>
         <input_file_ref idref="fl-5"/>
      </object_component>
      <object_component id="oc-c1">
         <name>Cmpss3RegsFile</name>
         <uninitialized>true</uninitialized>
         <run_address>0x5cc0</run_address>
         <size>0x1b</size>
         <input_file_ref idref="fl-5"/>
      </object_component>
      <object_component id="oc-c2">
         <name>Cmpss4RegsFile</name>
         <uninitialized>true</uninitialized>
         <run_address>0x5ce0</run_address>
         <size>0x1b</size>
         <input_file_ref idref="fl-5"/>
      </object_component>
      <object_component id="oc-c3">
         <name>Cmpss5RegsFile</name>
         <uninitialized>true</uninitialized>
         <run_address>0x5d00</run_address>
         <size>0x1b</size>
         <input_file_ref idref="fl-5"/>
      </object_component>
      <object_component id="oc-c4">
         <name>Cmpss6RegsFile</name>
         <uninitialized>true</uninitialized>
         <run_address>0x5d20</run_address>
         <size>0x1b</size>
         <input_file_ref idref="fl-5"/>
      </object_component>
      <object_component id="oc-c5">
         <name>Cmpss7RegsFile</name>
         <uninitialized>true</uninitialized>
         <run_address>0x5d40</run_address>
         <size>0x1b</size>
         <input_file_ref idref="fl-5"/>
      </object_component>
      <object_component id="oc-c6">
         <name>Cmpss8RegsFile</name>
         <uninitialized>true</uninitialized>
         <run_address>0x5d60</run_address>
         <size>0x1b</size>
         <input_file_ref idref="fl-5"/>
      </object_component>
      <object_component id="oc-a5">
         <name>CpuTimer0RegsFile</name>
         <uninitialized>true</uninitialized>
         <run_address>0xc00</run_address>
         <size>0x8</size>
         <input_file_ref idref="fl-5"/>
      </object_component>
      <object_component id="oc-a6">
         <name>CpuTimer1RegsFile</name>
         <uninitialized>true</uninitialized>
         <run_address>0xc08</run_address>
         <size>0x8</size>
         <input_file_ref idref="fl-5"/>
      </object_component>
      <object_component id="oc-a7">
         <name>CpuTimer2RegsFile</name>
         <uninitialized>true</uninitialized>
         <run_address>0xc10</run_address>
         <size>0x8</size>
         <input_file_ref idref="fl-5"/>
      </object_component>
      <object_component id="oc-ef">
         <name>CpuSysRegsFile</name>
         <uninitialized>true</uninitialized>
         <run_address>0x5d300</run_address>
         <size>0x82</size>
         <input_file_ref idref="fl-5"/>
      </object_component>
      <object_component id="oc-a1">
         <name>DacaRegsFile</name>
         <uninitialized>true</uninitialized>
         <run_address>0x5c00</run_address>
         <size>0x7</size>
         <input_file_ref idref="fl-5"/>
      </object_component>
      <object_component id="oc-a2">
         <name>DacbRegsFile</name>
         <uninitialized>true</uninitialized>
         <run_address>0x5c10</run_address>
         <size>0x7</size>
         <input_file_ref idref="fl-5"/>
      </object_component>
      <object_component id="oc-a3">
         <name>DaccRegsFile</name>
         <uninitialized>true</uninitialized>
         <run_address>0x5c20</run_address>
         <size>0x7</size>
         <input_file_ref idref="fl-5"/>
      </object_component>
      <object_component id="oc-9f">
         <name>DcsmCommonRegsFile</name>
         <uninitialized>true</uninitialized>
         <run_address>0x5f070</run_address>
         <size>0x6</size>
         <input_file_ref idref="fl-5"/>
      </object_component>
      <object_component id="oc-c8">
         <name>DcsmZ1RegsFile</name>
         <uninitialized>true</uninitialized>
         <run_address>0x5f000</run_address>
         <size>0x22</size>
         <input_file_ref idref="fl-5"/>
      </object_component>
      <object_component id="oc-c9">
         <name>DcsmZ2RegsFile</name>
         <uninitialized>true</uninitialized>
         <run_address>0x5f040</run_address>
         <size>0x22</size>
         <input_file_ref idref="fl-5"/>
      </object_component>
      <object_component id="oc-101">
         <name>DevCfgRegsFile</name>
         <uninitialized>true</uninitialized>
         <run_address>0x5d000</run_address>
         <size>0x12e</size>
         <input_file_ref idref="fl-5"/>
      </object_component>
      <object_component id="oc-b7">
         <name>DmaClaSrcSelRegsFile</name>
         <uninitialized>true</uninitialized>
         <run_address>0x7980</run_address>
         <size>0x1a</size>
         <input_file_ref idref="fl-5"/>
      </object_component>
      <object_component id="oc-f0">
         <name>DmaRegsFile</name>
         <uninitialized>true</uninitialized>
         <run_address>0x1000</run_address>
         <size>0xe0</size>
         <input_file_ref idref="fl-5"/>
      </object_component>
      <object_component id="oc-b8">
         <name>ECap1RegsFile</name>
         <uninitialized>true</uninitialized>
         <run_address>0x5000</run_address>
         <size>0x1a</size>
         <input_file_ref idref="fl-5"/>
      </object_component>
      <object_component id="oc-b9">
         <name>ECap2RegsFile</name>
         <uninitialized>true</uninitialized>
         <run_address>0x5020</run_address>
         <size>0x1a</size>
         <input_file_ref idref="fl-5"/>
      </object_component>
      <object_component id="oc-ba">
         <name>ECap3RegsFile</name>
         <uninitialized>true</uninitialized>
         <run_address>0x5040</run_address>
         <size>0x1a</size>
         <input_file_ref idref="fl-5"/>
      </object_component>
      <object_component id="oc-bb">
         <name>ECap4RegsFile</name>
         <uninitialized>true</uninitialized>
         <run_address>0x5060</run_address>
         <size>0x1a</size>
         <input_file_ref idref="fl-5"/>
      </object_component>
      <object_component id="oc-bc">
         <name>ECap5RegsFile</name>
         <uninitialized>true</uninitialized>
         <run_address>0x5080</run_address>
         <size>0x1a</size>
         <input_file_ref idref="fl-5"/>
      </object_component>
      <object_component id="oc-bd">
         <name>ECap6RegsFile</name>
         <uninitialized>true</uninitialized>
         <run_address>0x50a0</run_address>
         <size>0x1a</size>
         <input_file_ref idref="fl-5"/>
      </object_component>
      <object_component id="oc-a8">
         <name>Emif1ConfigRegsFile</name>
         <uninitialized>true</uninitialized>
         <run_address>0x5f480</run_address>
         <size>0xa</size>
         <input_file_ref idref="fl-5"/>
      </object_component>
      <object_component id="oc-a9">
         <name>Emif2ConfigRegsFile</name>
         <uninitialized>true</uninitialized>
         <run_address>0x5f4a0</run_address>
         <size>0xa</size>
         <input_file_ref idref="fl-5"/>
      </object_component>
      <object_component id="oc-d2">
         <name>Emif1RegsFile</name>
         <uninitialized>true</uninitialized>
         <run_address>0x47000</run_address>
         <size>0x28</size>
         <input_file_ref idref="fl-5"/>
      </object_component>
      <object_component id="oc-d3">
         <name>Emif2RegsFile</name>
         <uninitialized>true</uninitialized>
         <run_address>0x47800</run_address>
         <size>0x28</size>
         <input_file_ref idref="fl-5"/>
      </object_component>
      <object_component id="oc-f1">
         <name>EPwm1RegsFile</name>
         <uninitialized>true</uninitialized>
         <run_address>0x4000</run_address>
         <size>0x100</size>
         <input_file_ref idref="fl-5"/>
      </object_component>
      <object_component id="oc-f2">
         <name>EPwm2RegsFile</name>
         <uninitialized>true</uninitialized>
         <run_address>0x4100</run_address>
         <size>0x100</size>
         <input_file_ref idref="fl-5"/>
      </object_component>
      <object_component id="oc-f3">
         <name>EPwm3RegsFile</name>
         <uninitialized>true</uninitialized>
         <run_address>0x4200</run_address>
         <size>0x100</size>
         <input_file_ref idref="fl-5"/>
      </object_component>
      <object_component id="oc-f4">
         <name>EPwm4RegsFile</name>
         <uninitialized>true</uninitialized>
         <run_address>0x4300</run_address>
         <size>0x100</size>
         <input_file_ref idref="fl-5"/>
      </object_component>
      <object_component id="oc-f5">
         <name>EPwm5RegsFile</name>
         <uninitialized>true</uninitialized>
         <run_address>0x4400</run_address>
         <size>0x100</size>
         <input_file_ref idref="fl-5"/>
      </object_component>
      <object_component id="oc-f6">
         <name>EPwm6RegsFile</name>
         <uninitialized>true</uninitialized>
         <run_address>0x4500</run_address>
         <size>0x100</size>
         <input_file_ref idref="fl-5"/>
      </object_component>
      <object_component id="oc-f7">
         <name>EPwm7RegsFile</name>
         <uninitialized>true</uninitialized>
         <run_address>0x4600</run_address>
         <size>0x100</size>
         <input_file_ref idref="fl-5"/>
      </object_component>
      <object_component id="oc-f8">
         <name>EPwm8RegsFile</name>
         <uninitialized>true</uninitialized>
         <run_address>0x4700</run_address>
         <size>0x100</size>
         <input_file_ref idref="fl-5"/>
      </object_component>
      <object_component id="oc-f9">
         <name>EPwm9RegsFile</name>
         <uninitialized>true</uninitialized>
         <run_address>0x4800</run_address>
         <size>0x100</size>
         <input_file_ref idref="fl-5"/>
      </object_component>
      <object_component id="oc-fa">
         <name>EPwm10RegsFile</name>
         <uninitialized>true</uninitialized>
         <run_address>0x4900</run_address>
         <size>0x100</size>
         <input_file_ref idref="fl-5"/>
      </object_component>
      <object_component id="oc-fb">
         <name>EPwm11RegsFile</name>
         <uninitialized>true</uninitialized>
         <run_address>0x4a00</run_address>
         <size>0x100</size>
         <input_file_ref idref="fl-5"/>
      </object_component>
      <object_component id="oc-fc">
         <name>EPwm12RegsFile</name>
         <uninitialized>true</uninitialized>
         <run_address>0x4b00</run_address>
         <size>0x100</size>
         <input_file_ref idref="fl-5"/>
      </object_component>
      <object_component id="oc-e5">
         <name>EPwmXbarRegsFile</name>
         <uninitialized>true</uninitialized>
         <run_address>0x7a00</run_address>
         <size>0x40</size>
         <input_file_ref idref="fl-5"/>
      </object_component>
      <object_component id="oc-ca">
         <name>EQep1RegsFile</name>
         <uninitialized>true</uninitialized>
         <run_address>0x5100</run_address>
         <size>0x22</size>
         <input_file_ref idref="fl-5"/>
      </object_component>
      <object_component id="oc-cb">
         <name>EQep2RegsFile</name>
         <uninitialized>true</uninitialized>
         <run_address>0x5140</run_address>
         <size>0x22</size>
         <input_file_ref idref="fl-5"/>
      </object_component>
      <object_component id="oc-cc">
         <name>EQep3RegsFile</name>
         <uninitialized>true</uninitialized>
         <run_address>0x5180</run_address>
         <size>0x22</size>
         <input_file_ref idref="fl-5"/>
      </object_component>
      <object_component id="oc-105">
         <name>Flash0CtrlRegsFile</name>
         <uninitialized>true</uninitialized>
         <run_address>0x5f800</run_address>
         <size>0x182</size>
         <input_file_ref idref="fl-5"/>
      </object_component>
      <object_component id="oc-d4">
         <name>Flash0EccRegsFile</name>
         <uninitialized>true</uninitialized>
         <run_address>0x5fb00</run_address>
         <size>0x28</size>
         <input_file_ref idref="fl-5"/>
      </object_component>
      <object_component id="oc-9c">
         <name>FlashPumpSemaphoreRegsFile</name>
         <uninitialized>true</uninitialized>
         <run_address>0x50024</run_address>
         <size>0x2</size>
         <input_file_ref idref="fl-5"/>
      </object_component>
      <object_component id="oc-104">
         <name>GpioCtrlRegsFile</name>
         <uninitialized>true</uninitialized>
         <run_address>0x7c00</run_address>
         <size>0x180</size>
         <input_file_ref idref="fl-5"/>
      </object_component>
      <object_component id="oc-d7">
         <name>GpioDataRegsFile</name>
         <uninitialized>true</uninitialized>
         <run_address>0x7f00</run_address>
         <size>0x30</size>
         <input_file_ref idref="fl-5"/>
      </object_component>
      <object_component id="oc-cd">
         <name>I2caRegsFile</name>
         <uninitialized>true</uninitialized>
         <run_address>0x7300</run_address>
         <size>0x22</size>
         <input_file_ref idref="fl-5"/>
      </object_component>
      <object_component id="oc-ce">
         <name>I2cbRegsFile</name>
         <uninitialized>true</uninitialized>
         <run_address>0x7340</run_address>
         <size>0x22</size>
         <input_file_ref idref="fl-5"/>
      </object_component>
      <object_component id="oc-c7">
         <name>InputXbarRegsFile</name>
         <uninitialized>true</uninitialized>
         <run_address>0x7900</run_address>
         <size>0x20</size>
         <input_file_ref idref="fl-5"/>
      </object_component>
      <object_component id="oc-cf">
         <name>IpcRegsFile</name>
         <uninitialized>true</uninitialized>
         <run_address>0x50000</run_address>
         <size>0x24</size>
         <input_file_ref idref="fl-5"/>
      </object_component>
      <object_component id="oc-d9">
         <name>MemoryErrorRegsFile</name>
         <uninitialized>true</uninitialized>
         <run_address>0x5f500</run_address>
         <size>0x3a</size>
         <input_file_ref idref="fl-5"/>
      </object_component>
      <object_component id="oc-ea">
         <name>MemCfgRegsFile</name>
         <uninitialized>true</uninitialized>
         <run_address>0x5f400</run_address>
         <size>0x76</size>
         <input_file_ref idref="fl-5"/>
      </object_component>
      <object_component id="oc-d0">
         <name>McbspaRegsFile</name>
         <uninitialized>true</uninitialized>
         <run_address>0x6000</run_address>
         <size>0x24</size>
         <input_file_ref idref="fl-5"/>
      </object_component>
      <object_component id="oc-d1">
         <name>McbspbRegsFile</name>
         <uninitialized>true</uninitialized>
         <run_address>0x6040</run_address>
         <size>0x24</size>
         <input_file_ref idref="fl-5"/>
      </object_component>
      <object_component id="oc-a4">
         <name>NmiIntruptRegsFile</name>
         <uninitialized>true</uninitialized>
         <run_address>0x7060</run_address>
         <size>0x7</size>
         <input_file_ref idref="fl-5"/>
      </object_component>
      <object_component id="oc-e6">
         <name>OutputXbarRegsFile</name>
         <uninitialized>true</uninitialized>
         <run_address>0x7a80</run_address>
         <size>0x40</size>
         <input_file_ref idref="fl-5"/>
      </object_component>
      <object_component id="oc-be">
         <name>PieCtrlRegsFile</name>
         <uninitialized>true</uninitialized>
         <run_address>0xce0</run_address>
         <size>0x1a</size>
         <input_file_ref idref="fl-5"/>
      </object_component>
      <object_component id="oc-106">
         <name>PieVectTableFile</name>
         <uninitialized>true</uninitialized>
         <run_address>0xd00</run_address>
         <size>0x1c0</size>
         <input_file_ref idref="fl-5"/>
      </object_component>
      <object_component id="oc-9d">
         <name>RomPrefetchRegsFile</name>
         <uninitialized>true</uninitialized>
         <run_address>0x5e608</run_address>
         <size>0x2</size>
         <input_file_ref idref="fl-5"/>
      </object_component>
      <object_component id="oc-9e">
         <name>RomWaitStateRegsFile</name>
         <uninitialized>true</uninitialized>
         <run_address>0x5f540</run_address>
         <size>0x2</size>
         <input_file_ref idref="fl-5"/>
      </object_component>
      <object_component id="oc-ac">
         <name>SciaRegsFile</name>
         <uninitialized>true</uninitialized>
         <run_address>0x7200</run_address>
         <size>0x10</size>
         <input_file_ref idref="fl-5"/>
      </object_component>
      <object_component id="oc-ad">
         <name>ScibRegsFile</name>
         <uninitialized>true</uninitialized>
         <run_address>0x7210</run_address>
         <size>0x10</size>
         <input_file_ref idref="fl-5"/>
      </object_component>
      <object_component id="oc-ae">
         <name>ScicRegsFile</name>
         <uninitialized>true</uninitialized>
         <run_address>0x7220</run_address>
         <size>0x10</size>
         <input_file_ref idref="fl-5"/>
      </object_component>
      <object_component id="oc-af">
         <name>ScidRegsFile</name>
         <uninitialized>true</uninitialized>
         <run_address>0x7230</run_address>
         <size>0x10</size>
         <input_file_ref idref="fl-5"/>
      </object_component>
      <object_component id="oc-e7">
         <name>Sdfm1RegsFile</name>
         <uninitialized>true</uninitialized>
         <run_address>0x5e00</run_address>
         <size>0x48</size>
         <input_file_ref idref="fl-5"/>
      </object_component>
      <object_component id="oc-e8">
         <name>Sdfm2RegsFile</name>
         <uninitialized>true</uninitialized>
         <run_address>0x5e80</run_address>
         <size>0x48</size>
         <input_file_ref idref="fl-5"/>
      </object_component>
      <object_component id="oc-b0">
         <name>SpiaRegsFile</name>
         <uninitialized>true</uninitialized>
         <run_address>0x6100</run_address>
         <size>0x10</size>
         <input_file_ref idref="fl-5"/>
      </object_component>
      <object_component id="oc-b1">
         <name>SpibRegsFile</name>
         <uninitialized>true</uninitialized>
         <run_address>0x6110</run_address>
         <size>0x10</size>
         <input_file_ref idref="fl-5"/>
      </object_component>
      <object_component id="oc-b2">
         <name>SpicRegsFile</name>
         <uninitialized>true</uninitialized>
         <run_address>0x6120</run_address>
         <size>0x10</size>
         <input_file_ref idref="fl-5"/>
      </object_component>
      <object_component id="oc-a0">
         <name>SyncSocRegsFile</name>
         <uninitialized>true</uninitialized>
         <run_address>0x7940</run_address>
         <size>0x6</size>
         <input_file_ref idref="fl-5"/>
      </object_component>
      <object_component id="oc-e9">
         <name>UppRegsFile</name>
         <uninitialized>true</uninitialized>
         <run_address>0x6200</run_address>
         <size>0x48</size>
         <input_file_ref idref="fl-5"/>
      </object_component>
      <object_component id="oc-d5">
         <name>WdRegsFile</name>
         <uninitialized>true</uninitialized>
         <run_address>0x7000</run_address>
         <size>0x2b</size>
         <input_file_ref idref="fl-5"/>
      </object_component>
      <object_component id="oc-ab">
         <name>XbarRegsFile</name>
         <uninitialized>true</uninitialized>
         <run_address>0x7920</run_address>
         <size>0xe</size>
         <input_file_ref idref="fl-5"/>
      </object_component>
      <object_component id="oc-aa">
         <name>XintRegsFile</name>
         <uninitialized>true</uninitialized>
         <run_address>0x7070</run_address>
         <size>0xb</size>
         <input_file_ref idref="fl-5"/>
      </object_component>
      <object_component id="oc-88">
         <name>.debug_info</name>
         <load_address>0x0</load_address>
         <run_address>0x0</run_address>
         <size>0x1a5a</size>
         <input_file_ref idref="fl-2"/>
      </object_component>
      <object_component id="oc-8f">
         <name>.debug_info</name>
         <load_address>0x1a5a</load_address>
         <run_address>0x1a5a</run_address>
         <size>0xe55</size>
         <input_file_ref idref="fl-3"/>
      </object_component>
      <object_component id="oc-98">
         <name>.debug_info</name>
         <load_address>0x28af</load_address>
         <run_address>0x28af</run_address>
         <size>0x136</size>
         <input_file_ref idref="fl-4"/>
      </object_component>
      <object_component id="oc-9b">
         <name>.debug_info</name>
         <load_address>0x29e5</load_address>
         <run_address>0x29e5</run_address>
         <size>0x572e8</size>
         <input_file_ref idref="fl-5"/>
      </object_component>
      <object_component id="oc-108">
         <name>.debug_info</name>
         <load_address>0x59ccd</load_address>
         <run_address>0x59ccd</run_address>
         <size>0x19324</size>
         <input_file_ref idref="fl-6"/>
      </object_component>
      <object_component id="oc-10d">
         <name>.debug_info</name>
         <load_address>0x72ff1</load_address>
         <run_address>0x72ff1</run_address>
         <size>0xbdcb</size>
         <input_file_ref idref="fl-7"/>
      </object_component>
      <object_component id="oc-112">
         <name>.debug_info</name>
         <load_address>0x7edbc</load_address>
         <run_address>0x7edbc</run_address>
         <size>0x31f3</size>
         <input_file_ref idref="fl-8"/>
      </object_component>
      <object_component id="oc-119">
         <name>.debug_info</name>
         <load_address>0x81faf</load_address>
         <run_address>0x81faf</run_address>
         <size>0x6f6</size>
         <input_file_ref idref="fl-9"/>
      </object_component>
      <object_component id="oc-11e">
         <name>.debug_info</name>
         <load_address>0x826a5</load_address>
         <run_address>0x826a5</run_address>
         <size>0xf89</size>
         <input_file_ref idref="fl-a"/>
      </object_component>
      <object_component id="oc-123">
         <name>.debug_info</name>
         <load_address>0x8362e</load_address>
         <run_address>0x8362e</run_address>
         <size>0x1273</size>
         <input_file_ref idref="fl-b"/>
      </object_component>
      <object_component id="oc-128">
         <name>.debug_info</name>
         <load_address>0x848a1</load_address>
         <run_address>0x848a1</run_address>
         <size>0xb91</size>
         <input_file_ref idref="fl-c"/>
      </object_component>
      <object_component id="oc-12e">
         <name>.debug_info</name>
         <load_address>0x85432</load_address>
         <run_address>0x85432</run_address>
         <size>0x1c9d</size>
         <input_file_ref idref="fl-d"/>
      </object_component>
      <object_component id="oc-134">
         <name>.debug_info</name>
         <load_address>0x870cf</load_address>
         <run_address>0x870cf</run_address>
         <size>0x3ed4</size>
         <input_file_ref idref="fl-e"/>
      </object_component>
      <object_component id="oc-139">
         <name>.debug_info</name>
         <load_address>0x8afa3</load_address>
         <run_address>0x8afa3</run_address>
         <size>0x306c</size>
         <input_file_ref idref="fl-f"/>
      </object_component>
      <object_component id="oc-13e">
         <name>.debug_info</name>
         <load_address>0x8e00f</load_address>
         <run_address>0x8e00f</run_address>
         <size>0xd41c</size>
         <input_file_ref idref="fl-10"/>
      </object_component>
      <object_component id="oc-143">
         <name>.debug_info</name>
         <load_address>0x9b42b</load_address>
         <run_address>0x9b42b</run_address>
         <size>0xefa1</size>
         <input_file_ref idref="fl-11"/>
      </object_component>
      <object_component id="oc-14c">
         <name>.debug_info</name>
         <load_address>0xaa3cc</load_address>
         <run_address>0xaa3cc</run_address>
         <size>0x7df</size>
         <input_file_ref idref="fl-12"/>
      </object_component>
      <object_component id="oc-151">
         <name>.debug_info</name>
         <load_address>0xaabab</load_address>
         <run_address>0xaabab</run_address>
         <size>0x12df</size>
         <input_file_ref idref="fl-13"/>
      </object_component>
      <object_component id="oc-155">
         <name>.debug_info</name>
         <load_address>0xabe8a</load_address>
         <run_address>0xabe8a</run_address>
         <size>0x1493</size>
         <input_file_ref idref="fl-14"/>
      </object_component>
      <object_component id="oc-15a">
         <name>.debug_info</name>
         <load_address>0xad31d</load_address>
         <run_address>0xad31d</run_address>
         <size>0x17c6</size>
         <input_file_ref idref="fl-15"/>
      </object_component>
      <object_component id="oc-15f">
         <name>.debug_info</name>
         <load_address>0xaeae3</load_address>
         <run_address>0xaeae3</run_address>
         <size>0x57c9</size>
         <input_file_ref idref="fl-16"/>
      </object_component>
      <object_component id="oc-166">
         <name>.debug_info</name>
         <load_address>0xb42ac</load_address>
         <run_address>0xb42ac</run_address>
         <size>0x4e7</size>
         <input_file_ref idref="fl-17"/>
      </object_component>
      <object_component id="oc-16b">
         <name>.debug_info</name>
         <load_address>0xb4793</load_address>
         <run_address>0xb4793</run_address>
         <size>0x4211</size>
         <input_file_ref idref="fl-18"/>
      </object_component>
      <object_component id="oc-173">
         <name>.debug_info</name>
         <load_address>0xb89a4</load_address>
         <run_address>0xb89a4</run_address>
         <size>0xae4</size>
         <input_file_ref idref="fl-19"/>
      </object_component>
      <object_component id="oc-179">
         <name>.debug_info</name>
         <load_address>0xb9488</load_address>
         <run_address>0xb9488</run_address>
         <size>0x91d</size>
         <input_file_ref idref="fl-1a"/>
      </object_component>
      <object_component id="oc-17e">
         <name>.debug_info</name>
         <load_address>0xb9da5</load_address>
         <run_address>0xb9da5</run_address>
         <size>0x102d</size>
         <input_file_ref idref="fl-1b"/>
      </object_component>
      <object_component id="oc-183">
         <name>.debug_info</name>
         <load_address>0xbadd2</load_address>
         <run_address>0xbadd2</run_address>
         <size>0xd05</size>
         <input_file_ref idref="fl-1c"/>
      </object_component>
      <object_component id="oc-18a">
         <name>.debug_info</name>
         <load_address>0xbbad7</load_address>
         <run_address>0xbbad7</run_address>
         <size>0x464</size>
         <input_file_ref idref="fl-1d"/>
      </object_component>
      <object_component id="oc-18f">
         <name>.debug_info</name>
         <load_address>0xbbf3b</load_address>
         <run_address>0xbbf3b</run_address>
         <size>0x7b3</size>
         <input_file_ref idref="fl-1e"/>
      </object_component>
      <object_component id="oc-196">
         <name>.debug_info</name>
         <load_address>0xbc6ee</load_address>
         <run_address>0xbc6ee</run_address>
         <size>0xd187</size>
         <input_file_ref idref="fl-24"/>
      </object_component>
      <object_component id="oc-19a">
         <name>.debug_info</name>
         <load_address>0xc9875</load_address>
         <run_address>0xc9875</run_address>
         <size>0xa35</size>
         <input_file_ref idref="fl-25"/>
      </object_component>
      <object_component id="oc-19e">
         <name>.debug_info</name>
         <load_address>0xca2aa</load_address>
         <run_address>0xca2aa</run_address>
         <size>0xd86f</size>
         <input_file_ref idref="fl-26"/>
      </object_component>
      <object_component id="oc-1a2">
         <name>.debug_info</name>
         <load_address>0xd7b19</load_address>
         <run_address>0xd7b19</run_address>
         <size>0xd293</size>
         <input_file_ref idref="fl-27"/>
      </object_component>
      <object_component id="oc-1a6">
         <name>.debug_info</name>
         <load_address>0xe4dac</load_address>
         <run_address>0xe4dac</run_address>
         <size>0xd786</size>
         <input_file_ref idref="fl-28"/>
      </object_component>
      <object_component id="oc-1aa">
         <name>.debug_info</name>
         <load_address>0xf2532</load_address>
[...]
         <value>0x8bd78</value>
         <object_component_ref idref="oc-236"/>
      </symbol>
      <symbol id="sm-5fc">
         <name>_g_pManufacturerString</name>
         <value>0x8bdf8</value>
         <object_component_ref idref="oc-232"/>
      </symbol>
      <symbol id="sm-5fd">
         <name>_g_pSerialNumberString</name>
         <value>0x8be65</value>
         <object_component_ref idref="oc-234"/>
      </symbol>
      <symbol id="sm-5fe">
         <name>_g_pProductString</name>
         <value>0x8bdd0</value>
         <object_component_ref idref="oc-233"/>
      </symbol>
      <symbol id="sm-5ff">
         <name>_g_sMSCDevice</name>
         <value>0x1b000</value>
         <object_component_ref idref="oc-153"/>
      </symbol>
      <symbol id="sm-626">
         <name>_USBDCDConfigGetInterface</name>
         <value>0x8b345</value>
         <object_component_ref idref="oc-23f"/>
      </symbol>
      <symbol id="sm-628">
         <name>_USBDCDConfigDescGetNum</name>
         <value>0x8b2b7</value>
         <object_component_ref idref="oc-23f"/>
      </symbol>
      <symbol id="sm-62a">
         <name>_USBDCDConfigDescGetSize</name>
         <value>0x8b29e</value>
         <object_component_ref idref="oc-23f"/>
      </symbol>
      <symbol id="sm-62c">
         <name>_USBDCDConfigGetInterfaceEndpoint</name>
         <value>0x8b35e</value>
         <object_component_ref idref="oc-23f"/>
      </symbol>
      <symbol id="sm-62e">
         <name>_USBDCDConfigDescGet</name>
         <value>0x8b2dc</value>
         <object_component_ref idref="oc-23f"/>
      </symbol>
      <symbol id="sm-630">
         <name>_USBDCDConfigGetNumAlternateInterfaces</name>
         <value>0x8b320</value>
         <object_component_ref idref="oc-23f"/>
      </symbol>
      <symbol id="sm-669">
         <name>_USBDeviceConfigAlternate</name>
         <value>0x8aa82</value>
         <object_component_ref idref="oc-240"/>
      </symbol>
      <symbol id="sm-66b">
         <name>_USBDeviceConfig</name>
         <value>0x8a8e5</value>
         <object_component_ref idref="oc-240"/>
      </symbol>
      <symbol id="sm-71e">
         <name>_USBDCDInit</name>
         <value>0x88c3c</value>
         <object_component_ref idref="oc-22a"/>
      </symbol>
      <symbol id="sm-720">
         <name>_g_psDCDInst</name>
         <value>0x1b200</value>
         <object_component_ref idref="oc-23a"/>
      </symbol>
      <symbol id="sm-721">
         <name>_USBDeviceEnumResetHandler</name>
         <value>0x88e77</value>
         <object_component_ref idref="oc-22a"/>
      </symbol>
      <symbol id="sm-723">
         <name>_USBDCDDeviceInfoInit</name>
         <value>0x88c2a</value>
         <object_component_ref idref="oc-22a"/>
      </symbol>
      <symbol id="sm-725">
         <name>_USBDCDStallEP0</name>
         <value>0x88d0d</value>
         <object_component_ref idref="oc-22a"/>
      </symbol>
      <symbol id="sm-727">
         <name>_USBDCDTerm</name>
         <value>0x88cb6</value>
         <object_component_ref idref="oc-22a"/>
      </symbol>
      <symbol id="sm-729">
         <name>_USBDCDRequestDataEP0</name>
         <value>0x88ce8</value>
         <object_component_ref idref="oc-22a"/>
      </symbol>
      <symbol id="sm-72b">
         <name>_USBDeviceIntHandlerInternal</name>
         <value>0x893f1</value>
         <object_component_ref idref="oc-22a"/>
      </symbol>
      <symbol id="sm-72d">
         <name>_USBDeviceEnumHandler</name>
         <value>0x88db3</value>
         <object_component_ref idref="oc-22a"/>
      </symbol>
      <symbol id="sm-72f">
         <name>_g_ppsDevInfo</name>
         <value>0x1b280</value>
         <object_component_ref idref="oc-23b"/>
      </symbol>
      <symbol id="sm-730">
         <name>_USBDCDSendDataEP0</name>
         <value>0x88cf6</value>
         <object_component_ref idref="oc-22a"/>
      </symbol>
      <symbol id="sm-732">
         <name>_USBDeviceResumeTickHandler</name>
         <value>0x88d41</value>
         <object_component_ref idref="oc-22a"/>
      </symbol>
      <symbol id="sm-734">
         <name>_USBDCDRemoteWakeupRequest</name>
         <value>0x88d2b</value>
         <object_component_ref idref="oc-22a"/>
      </symbol>
      <symbol id="sm-736">
         <name>_USBDCDSetDefaultConfiguration</name>
         <value>0x88d05</value>
         <object_component_ref idref="oc-22a"/>
      </symbol>
      <symbol id="sm-738">
         <name>_USBDCDPowerStatusSet</name>
         <value>0x88d1e</value>
         <object_component_ref idref="oc-22a"/>
      </symbol>
      <symbol id="sm-745">
         <name>_USB0DeviceIntHandler</name>
         <value>0x8bcf4</value>
         <object_component_ref idref="oc-222"/>
      </symbol>
      <symbol id="sm-7e8">
         <name>_USBDMSCMediaChange</name>
         <value>0x8817a</value>
         <object_component_ref idref="oc-22f"/>
      </symbol>
      <symbol id="sm-7ea">
         <name>_g_bytesWritten</name>
         <value>0x1b154</value>
         <object_component_ref idref="oc-16d"/>
      </symbol>
      <symbol id="sm-7eb">
         <name>_usb_unlocked</name>
         <value>0x1b152</value>
         <object_component_ref idref="oc-16d"/>
      </symbol>
      <symbol id="sm-7ec">
         <name>_USBDMSCTerm</name>
         <value>0x884d4</value>
         <object_component_ref idref="oc-22f"/>
      </symbol>
      <symbol id="sm-7ee">
         <name>_g_psMSCSections</name>
         <value>0x1b23c</value>
         <object_component_ref idref="oc-263"/>
      </symbol>
      <symbol id="sm-7ef">
         <name>_g_pui8MSCInterface</name>
         <value>0x8be4e</value>
         <object_component_ref idref="oc-26e"/>
      </symbol>
      <symbol id="sm-7f0">
         <name>_g_sMSCHandlers</name>
         <value>0x8be36</value>
         <object_component_ref idref="oc-249"/>
      </symbol>
      <symbol id="sm-7f1">
         <name>_g_bytesRead</name>
         <value>0x1b153</value>
         <object_component_ref idref="oc-16d"/>
      </symbol>
      <symbol id="sm-7f2">
         <name>_USBDMSCInit</name>
         <value>0x88404</value>
         <object_component_ref idref="oc-22f"/>
      </symbol>
      <symbol id="sm-7f4">
         <name>_g_sMSCInterfaceSection</name>
         <value>0x8bea6</value>
         <object_component_ref idref="oc-26c"/>
      </symbol>
      <symbol id="sm-7f5">
         <name>_USBDSCSICommand</name>
         <value>0x88aa1</value>
         <object_component_ref idref="oc-22f"/>
      </symbol>
      <symbol id="sm-7f7">
         <name>_USBDMSCCompositeInit</name>
         <value>0x8844b</value>
         <object_component_ref idref="oc-22f"/>
      </symbol>
      <symbol id="sm-7f9">
         <name>_g_sMSCConfigHeader</name>
         <value>0x8be9e</value>
         <object_component_ref idref="oc-25c"/>
      </symbol>
      <symbol id="sm-7fa">
         <name>_g_ppsMSCConfigDescriptors</name>
         <value>0x8beaa</value>
         <object_component_ref idref="oc-24a"/>
      </symbol>
      <symbol id="sm-7fb">
         <name>_g_sMSCConfigSection</name>
         <value>0x8bea2</value>
         <object_component_ref idref="oc-26b"/>
      </symbol>
      <symbol id="sm-809">
         <name>_USBDMSCStorageWrite</name>
         <value>0x8b95a</value>
         <object_component_ref idref="oc-225"/>
      </symbol>
      <symbol id="sm-80b">
         <name>_USBDMSCStorageNumBlocks</name>
         <value>0x8b969</value>
         <object_component_ref idref="oc-225"/>
      </symbol>
      <symbol id="sm-80d">
         <name>_g_sDriveInformation</name>
         <value>0x1b27b</value>
         <object_component_ref idref="oc-174"/>
      </symbol>
      <symbol id="sm-80e">
         <name>_USBDMSCStorageOpen</name>
         <value>0x8b938</value>
         <object_component_ref idref="oc-225"/>
      </symbol>
      <symbol id="sm-810">
         <name>_USBDMSCStorageBlockSize</name>
         <value>0x8b976</value>
         <object_component_ref idref="oc-225"/>
      </symbol>
      <symbol id="sm-812">
         <name>_USBDMSCStorageClose</name>
         <value>0x8b944</value>
         <object_component_ref idref="oc-225"/>
      </symbol>
      <symbol id="sm-814">
         <name>_USBDMSCStorageRead</name>
         <value>0x8b94b</value>
         <object_component_ref idref="oc-225"/>
      </symbol>
      <symbol id="sm-840">
         <name>_USBDescGetInterfaceEndpoint</name>
         <value>0x8b448</value>
         <object_component_ref idref="oc-25a"/>
      </symbol>
      <symbol id="sm-842">
         <name>_USBDescGet</name>
         <value>0x8b3b5</value>
         <object_component_ref idref="oc-25a"/>
      </symbol>
      <symbol id="sm-844">
         <name>_USBDescGetNumAlternateInterfaces</name>
         <value>0x8b3e0</value>
         <object_component_ref idref="oc-25a"/>
      </symbol>
      <symbol id="sm-846">
         <name>_USBDescGetNum</name>
         <value>0x8b38f</value>
         <object_component_ref idref="oc-25a"/>
      </symbol>
      <symbol id="sm-848">
         <name>_USBDescGetInterface</name>
         <value>0x8b42e</value>
         <object_component_ref idref="oc-25a"/>
      </symbol>
      <symbol id="sm-85c">
         <name>_g_ui32WaitTicks</name>
         <value>0x1b25c</value>
         <object_component_ref idref="oc-185"/>
      </symbol>
      <symbol id="sm-85d">
         <name>_g_eOTGModeState</name>
         <value>0x1b259</value>
         <object_component_ref idref="oc-185"/>
      </symbol>
      <symbol id="sm-85e">
         <name>_USBDualModeTerm</name>
         <value>0x8b9db</value>
         <object_component_ref idref="oc-22e"/>
      </symbol>
      <symbol id="sm-860">
         <name>_g_ui32PollRate</name>
         <value>0x1b25a</value>
         <object_component_ref idref="oc-185"/>
      </symbol>
      <symbol id="sm-861">
         <name>_USBOTGPollRate</name>
         <value>0x8b9f4</value>
         <object_component_ref idref="oc-22e"/>
      </symbol>
      <symbol id="sm-863">
         <name>_USBStackModeSet</name>
         <value>0x8b9c5</value>
         <object_component_ref idref="oc-22e"/>
      </symbol>
      <symbol id="sm-865">
         <name>_g_iUSBMode</name>
         <value>0x1b258</value>
         <object_component_ref idref="oc-185"/>
      </symbol>
      <symbol id="sm-88d">
         <name>_g_pvTickInstance</name>
         <value>0x1b24c</value>
         <object_component_ref idref="oc-259"/>
      </symbol>
      <symbol id="sm-88e">
         <name>_InternalUSBStartOfFrameTick</name>
         <value>0x8b838</value>
         <object_component_ref idref="oc-23c"/>
      </symbol>
      <symbol id="sm-890">
         <name>_InternalUSBTickInit</name>
         <value>0x8b7df</value>
         <object_component_ref idref="oc-23c"/>
      </symbol>
      <symbol id="sm-892">
         <name>_g_pfnTickHandlers</name>
         <value>0x1b240</value>
         <object_component_ref idref="oc-258"/>
      </symbol>
      <symbol id="sm-893">
         <name>_g_ui32USBSOFCount</name>
         <value>0x1b276</value>
         <object_component_ref idref="oc-191"/>
      </symbol>
      <symbol id="sm-894">
         <name>_g_ui32CurrentUSBTick</name>
         <value>0x1b274</value>
         <object_component_ref idref="oc-191"/>
      </symbol>
      <symbol id="sm-895">
         <name>_InternalUSBRegisterTickHandler</name>
         <value>0x8b808</value>
         <object_component_ref idref="oc-23c"/>
      </symbol>
      <symbol id="sm-897">
         <name>_g_bUSBTimerInitialized</name>
         <value>0x1b272</value>
         <object_component_ref idref="oc-191"/>
      </symbol>
      <symbol id="sm-898">
         <name>_InternalUSBTickReset</name>
         <value>0x8b804</value>
         <object_component_ref idref="oc-23c"/>
      </symbol>
      <symbol id="sm-8a6">
         <name>_Fapi_issueAsyncCommandWithAddress</name>
         <value>0x8bbfd</value>
         <object_component_ref idref="oc-24e"/>
      </symbol>
      <symbol id="sm-8b1">
         <name>_Fapi_doVerify</name>
         <value>0x8bd06</value>
         <object_component_ref idref="oc-254"/>
      </symbol>
      <symbol id="sm-8d2">
         <name>__Fapi_checkRegionForValue</name>
         <value>0x8b863</value>
         <object_component_ref idref="oc-262"/>
      </symbol>
      <symbol id="sm-8d3">
         <name>_Fapi_flushPipeline</name>
         <value>0x8bc8d</value>
         <object_component_ref idref="oc-260"/>
      </symbol>
      <symbol id="sm-8d4">
         <name>__Fapi_loopRegionForValue</name>
         <value>0x8b649</value>
         <object_component_ref idref="oc-261"/>
      </symbol>
      <symbol id="sm-8e0">
         <name>_Fapi_doBlankCheck</name>
         <value>0x8b983</value>
         <object_component_ref idref="oc-250"/>
      </symbol>
      <symbol id="sm-8fe">
         <name>_Fapi_calculateFletcherChecksum</name>
         <value>0x8ba96</value>
         <object_component_ref idref="oc-26d"/>
      </symbol>
      <symbol id="sm-8ff">
         <name>__Fapi_calculateOtpChecksum</name>
         <value>0x8bd30</value>
         <object_component_ref idref="oc-266"/>
      </symbol>
      <symbol id="sm-900">
         <name>_Fapi_waitDelay</name>
         <value>0x8bc73</value>
         <object_component_ref idref="oc-269"/>
      </symbol>
      <symbol id="sm-901">
         <name>__Fapi_divideUnsignedLong</name>
         <value>0x8baf1</value>
         <object_component_ref idref="oc-265"/>
      </symbol>
      <symbol id="sm-902">
         <name>__Fapi_scaleCycleValues</name>
         <value>0x8bd23</value>
         <object_component_ref idref="oc-267"/>
      </symbol>
      <symbol id="sm-90f">
         <name>_Fapi_initializeAPI</name>
         <value>0x8ba31</value>
         <object_component_ref idref="oc-24b"/>
      </symbol>
      <symbol id="sm-910">
         <name>_Fapi_GlobalInit</name>
         <value>0x1b230</value>
         <object_component_ref idref="oc-1ab"/>
      </symbol>
      <symbol id="sm-932">
         <name>__Fapi_issueFsmCommand</name>
         <value>0x8bac4</value>
         <object_component_ref idref="oc-25e"/>
      </symbol>
      <symbol id="sm-933">
         <name>_Fapi_setActiveFlashBank</name>
         <value>0x8bb70</value>
         <object_component_ref idref="oc-24c"/>
      </symbol>
      <symbol id="sm-934">
         <name>__Fapi_setupSectorsForWrite</name>
         <value>0x8bbdb</value>
         <object_component_ref idref="oc-25f"/>
      </symbol>
      <symbol id="sm-935">
         <name>_Fapi_getFsmStatus</name>
         <value>0x8bd6f</value>
         <object_component_ref idref="oc-253"/>
      </symbol>
      <symbol id="sm-95b">
         <name>_Fapi_issueProgrammingCommand</name>
         <value>0x8af2f</value>
         <object_component_ref idref="oc-252"/>
      </symbol>
      <symbol id="sm-96f">
         <name>_Fapi_checkFsmForReady</name>
         <value>0x8bd3b</value>
         <object_component_ref idref="oc-24f"/>
      </symbol>
      <symbol id="sm-970">
         <name>_Fapi_isAddressEcc</name>
         <value>0x8bbb9</value>
         <object_component_ref idref="oc-26a"/>
      </symbol>
      <symbol id="sm-98b">
         <name>_c_int00</name>
         <value>0x8b8e2</value>
         <object_component_ref idref="oc-87"/>
      </symbol>
      <symbol id="sm-98c">
         <name>__stack</name>
         <value>0x400</value>
         <object_component_ref idref="oc-1bb"/>
      </symbol>
      <symbol id="sm-998">
         <name>FD$$SUB</name>
         <value>0x8bd15</value>
         <object_component_ref idref="oc-1c1"/>
      </symbol>
      <symbol id="sm-9a7">
         <name>FD$$TOUL</name>
         <value>0x8bc58</value>
         <object_component_ref idref="oc-1c6"/>
      </symbol>
      <symbol id="sm-9b8">
         <name>FS$$DIV</name>
         <value>0x8b6d1</value>
         <object_component_ref idref="oc-1cb"/>
      </symbol>
      <symbol id="sm-9c6">
         <name>ULL$$CMP</name>
         <value>0x8bc2f</value>
         <object_component_ref idref="oc-1d0"/>
      </symbol>
      <symbol id="sm-9c7">
         <name>LL$$CMP</name>
         <value>0x8bc1d</value>
         <object_component_ref idref="oc-1d0"/>
      </symbol>
      <symbol id="sm-9d8">
         <name>UL$$TOFD</name>
         <value>0x8bcb9</value>
         <object_component_ref idref="oc-1d5"/>
      </symbol>
      <symbol id="sm-9ef">
         <name>FD$$DIV</name>
         <value>0x8b5be</value>
         <object_component_ref idref="oc-1da"/>
      </symbol>
      <symbol id="sm-9fe">
         <name>_copy_in</name>
         <value>0x8bb95</value>
         <object_component_ref idref="oc-21e"/>
      </symbol>
      <symbol id="sm-a10">
         <name>_memcpy</name>
         <value>0x8bc3b</value>
         <object_component_ref idref="oc-226"/>
      </symbol>
      <symbol id="sm-a1d">
         <name>__system_pre_init</name>
         <value>0x8bd75</value>
         <object_component_ref idref="oc-21d"/>
      </symbol>
      <symbol id="sm-a2b">
         <name>__system_post_cinit</name>
         <value>0x8bd77</value>
         <object_component_ref idref="oc-21f"/>
      </symbol>
      <symbol id="sm-a40">
         <name>C$$EXIT</name>
         <value>0x8bb47</value>
         <object_component_ref idref="oc-221"/>
      </symbol>
      <symbol id="sm-a41">
         <name>_exit</name>
         <value>0x8bb49</value>
         <object_component_ref idref="oc-221"/>
      </symbol>
      <symbol id="sm-a43">
         <name>___TI_cleanup_ptr</name>
         <value>0x1b26e</value>
         <object_component_ref idref="oc-1f5"/>
      </symbol>
      <symbol id="sm-a44">
         <name>___TI_enable_exit_profile_output</name>
         <value>0x1b26c</value>
         <object_component_ref idref="oc-1f5"/>
      </symbol>
      <symbol id="sm-a45">
         <name>_abort</name>
         <value>0x8bb47</value>
         <object_component_ref idref="oc-221"/>
      </symbol>
      <symbol id="sm-a47">
         <name>___TI_dtors_ptr</name>
         <value>0x1b270</value>
         <object_component_ref idref="oc-1f5"/>
      </symbol>
      <symbol id="sm-a5b">
         <name>__unlock</name>
         <value>0x1b27e</value>
         <object_component_ref idref="oc-257"/>
      </symbol>
      <symbol id="sm-a5c">
         <name>__lock</name>
         <value>0x1b27c</value>
         <object_component_ref idref="oc-227"/>
      </symbol>
      <symbol id="sm-a5d">
         <name>__register_lock</name>
         <value>0x8bd53</value>
         <object_component_ref idref="oc-238"/>
      </symbol>
      <symbol id="sm-a5f">
         <name>__nop</name>
         <value>0x8bd57</value>
         <object_component_ref idref="oc-238"/>
      </symbol>
      <symbol id="sm-a61">
         <name>__register_unlock</name>
         <value>0x8bd4f</value>
         <object_component_ref idref="oc-238"/>
      </symbol>
      <symbol id="sm-a71">
         <name>__args_main</name>
         <value>0x8bce2</value>
         <object_component_ref idref="oc-220"/>
      </symbol>
      <symbol id="sm-a80">
         <name>_memset</name>
         <value>0x8bd68</value>
         <object_component_ref idref="oc-24d"/>
      </symbol>
      <symbol id="sm-a8f">
         <name>_strcmp</name>
         <value>0x8bd45</value>
         <object_component_ref idref="oc-256"/>
      </symbol>
      <symbol id="sm-a9d">
         <name>_strlen</name>
         <value>0x8bd60</value>
         <object_component_ref idref="oc-251"/>
      </symbol>
      <symbol id="sm-aad">
         <name>_strncmp</name>
         <value>0x8bca3</value>
         <object_component_ref idref="oc-255"/>
      </symbol>
      <symbol id="sm-ac9">
         <name>FD$$ADD</name>
         <value>0x8b522</value>
         <object_component_ref idref="oc-218"/>
      </symbol>
   </symbol_table>
   <title>Link successful</title>
</link_info>
